// Jest Snapshot v1, https://goo.gl/fbAQLP

exports[`Index renders the html we want 1`] = `
Array [
  <div
    className="flex mx-5 my-5 min-w-full w-full"
  >
    <div
      className="min-w-full w-full border-b-2 -mx-5"
    >
      <div
        className="flex justify-between align-center text-black flex-row py-2 px-4 md:pb-6 relative"
      >
        <div
          className="flex flex-1 items-center"
        >
          <a
            aria-label="logo link to home"
            className="logo"
            href="/"
            onClick={[Function]}
            onMouseEnter={[Function]}
          >
            <svg
              fill="none"
              height="5vw"
              viewBox="0 0 200 200"
              width="5vw"
              xmlns="http://www.w3.org/2000/svg"
            >
              <mask
                height="200"
                id="mask0"
                maskUnits="userSpaceOnUse"
                style={
                  Object {
                    "maskType": "alpha",
                  }
                }
                width="200"
                x="0"
                y="0"
              >
                <path
                  d="M167.692 0H32.3077C14.4647 0 0 14.4647 0 32.3077V167.692C0 185.535 14.4647 200 32.3077 200H167.692C185.535 200 200 185.535 200 167.692V32.3077C200 14.4647 185.535 0 167.692 0Z"
                  fill="white"
                />
              </mask>
              <g
                mask="url(#mask0)"
              >
                <path
                  clipRule="evenodd"
                  d="M365.057 653.096L5.73633 165.483L7.9985 102.471L377.292 646.032L365.057 653.096Z"
                  fill="#FA5252"
                  fillRule="evenodd"
                />
                <path
                  clipRule="evenodd"
                  d="M377.292 646.032L7.99854 102.471L40.8972 83.4771L389.527 638.968L377.292 646.032Z"
                  fill="#BE4BDB"
                  fillRule="evenodd"
                />
                <path
                  clipRule="evenodd"
                  d="M389.527 638.968L40.8972 83.4771L73.7959 64.483L401.762 631.904L389.527 638.968Z"
                  fill="#4C6EF5"
                  fillRule="evenodd"
                />
                <path
                  clipRule="evenodd"
                  d="M401.762 631.904L73.7959 64.4829L106.694 45.4888L413.997 624.84L401.762 631.904Z"
                  fill="#40C057"
                  fillRule="evenodd"
                />
                <path
                  clipRule="evenodd"
                  d="M413.997 624.84L106.694 45.4888L139.593 26.4948L426.232 617.777L413.997 624.84Z"
                  fill="#FAB005"
                  fillRule="evenodd"
                />
                <path
                  clipRule="evenodd"
                  d="M424.694 617.777L138.055 26.4946L171.621 11.8224L436.929 610.713L424.694 617.777Z"
                  fill="#FD7E14"
                  fillRule="evenodd"
                />
                <path
                  d="M147.692 4.61539H32.3078C17.0137 4.61539 4.61548 17.0137 4.61548 32.3077V147.692C4.61548 162.986 17.0137 175.384 32.3078 175.384H147.692C162.986 175.384 175.384 162.986 175.384 147.692V32.3077C175.384 17.0137 162.986 4.61539 147.692 4.61539Z"
                  fill="white"
                  stroke="black"
                  strokeWidth="9.23077"
                />
                <path
                  d="M42.5149 40.7878L28.2358 46.7758L80.5157 148.802L95.6008 144.311L42.5149 40.7878ZM120.747 80.9765C125.469 80.9765 128.578 83.625 128.578 92.9525V126.923H144.93V87.0796C144.93 72.9157 138.711 67.0428 128.808 67.0428C120.978 67.0428 115.335 70.6126 110.959 74.7582L110.153 68.3095L94.9528 69.1156C95.7589 82.128 95.9892 99.9769 95.9892 126.923H112.341C112.341 109.65 112.111 94.7949 111.88 83.7402C114.529 82.0128 117.408 80.9765 120.747 80.9765Z"
                  fill="black"
                />
              </g>
            </svg>
          </a>
          <nav
            className="space-x-4 mx-3 block"
          >
            <ul>
              <li
                className="inline-block mx-4"
              >
                <a
                  aria-label="link to Home"
                  className="link"
                  href="/"
                  onClick={[Function]}
                  onMouseEnter={[Function]}
                >
                  Home
                </a>
              </li>
              <li
                className="inline-block mx-4"
              >
                <a
                  aria-label="link to About"
                  className="link"
                  href="/about"
                  onClick={[Function]}
                  onMouseEnter={[Function]}
                >
                  About
                </a>
              </li>
              <li
                className="inline-block mx-4"
              >
                <a
                  aria-label="link to Books"
                  className="link"
                  href="/books"
                  onClick={[Function]}
                  onMouseEnter={[Function]}
                >
                  Books
                </a>
              </li>
            </ul>
          </nav>
        </div>
      </div>
    </div>
  </div>,
  <div
    className="block mx-auto font-somaRoman min-w-full w-full"
  >
    You're signed in as 
    Baa
     and you're 
    Healthy
     go to the
     
    <a
      className=" text-tailwindBlue"
      href="/about"
      onClick={[Function]}
      onMouseEnter={[Function]}
    >
      about
    </a>
     
    page.
  </div>,
]
`;
